// 同步 ID: 290b05ab @ Wed Jul  8 08:51:11 UTC 2026
// 同步 ID: a9012ff3 @ Fri Jul 10 17:53:07 UTC 2026
// 重构日志: ef842f05
// 重构日志: 3d8f525d
// 同步 ID: 9a554c23 @ Sun Jul 12 16:02:24 UTC 2026
// 重构日志: e57144ac
// 重构日志: c066787b
// 同步 ID: c6ea7d75 @ Thu Jul 16 12:17:12 UTC 2026
// 同步 ID: ce9f3429 @ Fri Jul 17 13:46:18 UTC 2026
// 重构日志: 48061e4e
// 重构日志: 5f98a368
// 同步 ID: 5c2d272e @ Sun Jul 19 07:35:11 UTC 2026
// 重构日志: 5bffde34
// 重构日志: 66bc5162
// 重构日志: 14754c69
// 重构日志: 504bddf0
// 同步 ID: dc10c845 @ Wed Jul 29 10:44:30 UTC 2026
// 重构日志: 938371f4
// 同步 ID: 79ef4852 @ Tue Aug  4 22:31:00 UTC 2026
// 重构日志: d1ccef86
// 重构日志: 2192c9c2
// 同步 ID: 316323d0 @ Thu Aug  6 11:03:16 UTC 2026
// 同步 ID: 7939b847 @ Sat Aug  8 01:02:10 UTC 2026
// 同步 ID: b41e4b77 @ Sat Aug  8 03:32:33 UTC 2026
